======================================================================================================================================================
=                                                                                                                                                    =
= Validation Report                                                                                                                                  =
=                                                                                                                                                    =
= Conforms: False                                                                                                                                    =
=                                                                                                                                                    =
= Results (3):                                                                                                                                       =
=                                                                                                                                                    =
= Constraint Violation in NodeConstraintComponent (http://www.w3.org/ns/shacl#NodeConstraintComponent):                                              =
=                                                                                                                                                    =
= Severity: sh:Violation                                                                                                                             =
=                                                                                                                                                    =
= Source Shape: [ sh:maxCount Literal("1", datatype=xsd:integer) ; sh:minCount Literal("1", datatype=xsd:integer) ; sh:name Literal("file metadata", =
= lang=en) ; sh:node manifest:FileMetadataShape ; sh:path manifest:hasFileMetadata ]                                                                 =
=                                                                                                                                                    =
= Focus Node: [ manifest:hasAccessRole manifest:isPublic ; manifest:hasCategory manifest:isMiscellaneous ; manifest:hasFileMetadata [ manifest:cid   =
= Literal("bafybeiakegwcrpeuylnurqns2pwim67tni6td4jdqoshwu7kvgvuncqi", datatype=xsd:string) ; manifest:filePath                                      =
= Literal("./visualization/TestfeldNiedersachsen_ALKS_ODR_sample_01.png", datatype=xsd:anyURI) ; manifest:fileSize Literal("2400256",                =
= datatype=xsd:integer) ; manifest:filename Literal("TestfeldNiedersachsen_ALKS_ODR_sample_01.png", datatype=xsd:string) ; manifest:hasDimensions [  =
= manifest:height Literal("850.0", datatype=xsd:float) ; manifest:unit Literal("pixels") ; manifest:width Literal("1095.0", datatype=xsd:float) ;    =
= rdf:type manifest:Dimensions, rdfs:Resource ] ; manifest:mimeType Literal("image/png", datatype=xsd:string) ; rdf:type manifest:FileMetadata,      =
= rdfs:Resource ] ; rdf:type manifest:Link, rdfs:Resource ]                                                                                          =
=                                                                                                                                                    =
= Value Node: [ manifest:cid Literal("bafybeiakegwcrpeuylnurqns2pwim67tni6td4jdqoshwu7kvgvuncqi", datatype=xsd:string) ; manifest:filePath           =
= Literal("./visualization/TestfeldNiedersachsen_ALKS_ODR_sample_01.png", datatype=xsd:anyURI) ; manifest:fileSize Literal("2400256",                =
= datatype=xsd:integer) ; manifest:filename Literal("TestfeldNiedersachsen_ALKS_ODR_sample_01.png", datatype=xsd:string) ; manifest:hasDimensions [  =
= manifest:height Literal("850.0", datatype=xsd:float) ; manifest:unit Literal("pixels") ; manifest:width Literal("1095.0", datatype=xsd:float) ;    =
= rdf:type manifest:Dimensions, rdfs:Resource ] ; manifest:mimeType Literal("image/png", datatype=xsd:string) ; rdf:type manifest:FileMetadata,      =
= rdfs:Resource ]                                                                                                                                    =
=                                                                                                                                                    =
= Result Path: manifest:hasFileMetadata                                                                                                              =
=                                                                                                                                                    =
= Message: Value does not conform to Shape manifest:FileMetadataShape. See details for more information.                                             =
= Details:                                                                                                                                           =
=                                                                                                                                                    =
= Constraint Violation in PatternConstraintComponent (http://www.w3.org/ns/shacl#PatternConstraintComponent):                                        =
=                                                                                                                                                    =
= Severity: sh:Violation                                                                                                                             =
=                                                                                                                                                    =
= Source Shape: [ sh:datatype xsd:string ; sh:description Literal("Defines the IPFS CIDv1 identifier of the file.", lang=en) ; sh:maxCount           =
= Literal("1", datatype=xsd:integer) ; sh:message Literal("The CIDv1 identifier is not valid or is a CIDv0 identifier.", lang=en) ; sh:minCount      =
= Literal("0", datatype=xsd:integer) ; sh:name Literal("content identifier", lang=en) ; sh:order Literal("3", datatype=xsd:integer) ; sh:path        =
= manifest:cid ; sh:pattern Literal("^((?!Qm[1-9A-HJ-NP-Za-km-z]{44,})|b[A-Za-z2-7]{58,}|B[A-Z2-7]{58,}|z[1-9A-HJ-NP-Za-                             =
= km-z]{48,}|F[0-9A-F]{50,})$") ; skos:example Literal("bafkreic6xmosvgr4a5735itquknu2ljf4fon7wohrzlmabepwkkxtih6um") ]                              =
=                                                                                                                                                    =
= Focus Node: [ manifest:cid Literal("bafybeiakegwcrpeuylnurqns2pwim67tni6td4jdqoshwu7kvgvuncqi", datatype=xsd:string) ; manifest:filePath           =
= Literal("./visualization/TestfeldNiedersachsen_ALKS_ODR_sample_01.png", datatype=xsd:anyURI) ; manifest:fileSize Literal("2400256",                =
= datatype=xsd:integer) ; manifest:filename Literal("TestfeldNiedersachsen_ALKS_ODR_sample_01.png", datatype=xsd:string) ; manifest:hasDimensions [  =
= manifest:height Literal("850.0", datatype=xsd:float) ; manifest:unit Literal("pixels") ; manifest:width Literal("1095.0", datatype=xsd:float) ;    =
= rdf:type manifest:Dimensions, rdfs:Resource ] ; manifest:mimeType Literal("image/png", datatype=xsd:string) ; rdf:type manifest:FileMetadata,      =
= rdfs:Resource ]                                                                                                                                    =
=                                                                                                                                                    =
= Value Node: Literal("bafybeiakegwcrpeuylnurqns2pwim67tni6td4jdqoshwu7kvgvuncqi", datatype=xsd:string)                                              =
=                                                                                                                                                    =
= Result Path: manifest:cid                                                                                                                          =
=                                                                                                                                                    =
= Message: The CIDv1 identifier is not valid or is a CIDv0 identifier.                                                                               =
=                                                                                                                                                    =
= Constraint Violation in PatternConstraintComponent (http://www.w3.org/ns/shacl#PatternConstraintComponent):                                        =
=                                                                                                                                                    =
= Severity: sh:Violation                                                                                                                             =
=                                                                                                                                                    =
= Source Shape: [ sh:datatype xsd:string ; sh:description Literal("Defines the IPFS CIDv1 identifier of the file.", lang=en) ; sh:maxCount           =
= Literal("1", datatype=xsd:integer) ; sh:message Literal("The CIDv1 identifier is not valid or is a CIDv0 identifier.", lang=en) ; sh:minCount      =
= Literal("0", datatype=xsd:integer) ; sh:name Literal("content identifier", lang=en) ; sh:order Literal("3", datatype=xsd:integer) ; sh:path        =
= manifest:cid ; sh:pattern Literal("^((?!Qm[1-9A-HJ-NP-Za-km-z]{44,})|b[A-Za-z2-7]{58,}|B[A-Z2-7]{58,}|z[1-9A-HJ-NP-Za-                             =
= km-z]{48,}|F[0-9A-F]{50,})$") ; skos:example Literal("bafkreic6xmosvgr4a5735itquknu2ljf4fon7wohrzlmabepwkkxtih6um") ]                              =
=                                                                                                                                                    =
= Focus Node: [ manifest:cid Literal("bafybeiakegwcrpeuylnurqns2pwim67tni6td4jdqoshwu7kvgvuncqi", datatype=xsd:string) ; manifest:filePath           =
= Literal("./visualization/TestfeldNiedersachsen_ALKS_ODR_sample_01.png", datatype=xsd:anyURI) ; manifest:fileSize Literal("2400256",                =
= datatype=xsd:integer) ; manifest:filename Literal("TestfeldNiedersachsen_ALKS_ODR_sample_01.png", datatype=xsd:string) ; manifest:hasDimensions [  =
= manifest:height Literal("850.0", datatype=xsd:float) ; manifest:unit Literal("pixels") ; manifest:width Literal("1095.0", datatype=xsd:float) ;    =
= rdf:type manifest:Dimensions, rdfs:Resource ] ; manifest:mimeType Literal("image/png", datatype=xsd:string) ; rdf:type manifest:FileMetadata,      =
= rdfs:Resource ]                                                                                                                                    =
=                                                                                                                                                    =
= Value Node: Literal("bafybeiakegwcrpeuylnurqns2pwim67tni6td4jdqoshwu7kvgvuncqi", datatype=xsd:string)                                              =
=                                                                                                                                                    =
= Result Path: manifest:cid                                                                                                                          =
=                                                                                                                                                    =
= Message: The CIDv1 identifier is not valid or is a CIDv0 identifier.                                                                               =
=                                                                                                                                                    =
= Constraint Violation in NodeConstraintComponent (http://www.w3.org/ns/shacl#NodeConstraintComponent):                                              =
=                                                                                                                                                    =
= Severity: sh:Violation                                                                                                                             =
=                                                                                                                                                    =
= Source Shape: [ sh:description Literal("Defines the links to all relevant artifacts for a digital asset. This is extended by the domain specific   =
= ontology.", lang=en) ; sh:minCount Literal("1", datatype=xsd:integer) ; sh:name Literal("artifact links", lang=en) ; sh:node manifest:LinkShape ;  =
= sh:order Literal("2", datatype=xsd:integer) ; sh:path manifest:hasArtifacts ]                                                                      =
=                                                                                                                                                    =
= Focus Node: <did:web:registry.gaia-x.eu:Manifest:oZVLOL-U0-HEQukff3Oj5V6xmuozZMykqVH2>                                                             =
=                                                                                                                                                    =
= Value Node: [ manifest:hasAccessRole manifest:isPublic ; manifest:hasCategory manifest:isMiscellaneous ; manifest:hasFileMetadata [ manifest:cid   =
= Literal("bafybeiakegwcrpeuylnurqns2pwim67tni6td4jdqoshwu7kvgvuncqi", datatype=xsd:string) ; manifest:filePath                                      =
= Literal("./visualization/TestfeldNiedersachsen_ALKS_ODR_sample_01.png", datatype=xsd:anyURI) ; manifest:fileSize Literal("2400256",                =
= datatype=xsd:integer) ; manifest:filename Literal("TestfeldNiedersachsen_ALKS_ODR_sample_01.png", datatype=xsd:string) ; manifest:hasDimensions [  =
= manifest:height Literal("850.0", datatype=xsd:float) ; manifest:unit Literal("pixels") ; manifest:width Literal("1095.0", datatype=xsd:float) ;    =
= rdf:type manifest:Dimensions, rdfs:Resource ] ; manifest:mimeType Literal("image/png", datatype=xsd:string) ; rdf:type manifest:FileMetadata,      =
= rdfs:Resource ] ; rdf:type manifest:Link, rdfs:Resource ]                                                                                          =
=                                                                                                                                                    =
= Result Path: manifest:hasArtifacts                                                                                                                 =
=                                                                                                                                                    =
= Message: Value does not conform to Shape manifest:LinkShape. See details for more information.                                                     =
= Details:                                                                                                                                           =
=                                                                                                                                                    =
= Constraint Violation in NodeConstraintComponent (http://www.w3.org/ns/shacl#NodeConstraintComponent):                                              =
=                                                                                                                                                    =
= Severity: sh:Violation                                                                                                                             =
=                                                                                                                                                    =
= Source Shape: [ sh:maxCount Literal("1", datatype=xsd:integer) ; sh:minCount Literal("1", datatype=xsd:integer) ; sh:name Literal("file metadata", =
= lang=en) ; sh:node manifest:FileMetadataShape ; sh:path manifest:hasFileMetadata ]                                                                 =
=                                                                                                                                                    =
= Focus Node: [ manifest:hasAccessRole manifest:isPublic ; manifest:hasCategory manifest:isMiscellaneous ; manifest:hasFileMetadata [ manifest:cid   =
= Literal("bafybeiakegwcrpeuylnurqns2pwim67tni6td4jdqoshwu7kvgvuncqi", datatype=xsd:string) ; manifest:filePath                                      =
= Literal("./visualization/TestfeldNiedersachsen_ALKS_ODR_sample_01.png", datatype=xsd:anyURI) ; manifest:fileSize Literal("2400256",                =
= datatype=xsd:integer) ; manifest:filename Literal("TestfeldNiedersachsen_ALKS_ODR_sample_01.png", datatype=xsd:string) ; manifest:hasDimensions [  =
= manifest:height Literal("850.0", datatype=xsd:float) ; manifest:unit Literal("pixels") ; manifest:width Literal("1095.0", datatype=xsd:float) ;    =
= rdf:type manifest:Dimensions, rdfs:Resource ] ; manifest:mimeType Literal("image/png", datatype=xsd:string) ; rdf:type manifest:FileMetadata,      =
= rdfs:Resource ] ; rdf:type manifest:Link, rdfs:Resource ]                                                                                          =
=                                                                                                                                                    =
= Value Node: [ manifest:cid Literal("bafybeiakegwcrpeuylnurqns2pwim67tni6td4jdqoshwu7kvgvuncqi", datatype=xsd:string) ; manifest:filePath           =
= Literal("./visualization/TestfeldNiedersachsen_ALKS_ODR_sample_01.png", datatype=xsd:anyURI) ; manifest:fileSize Literal("2400256",                =
= datatype=xsd:integer) ; manifest:filename Literal("TestfeldNiedersachsen_ALKS_ODR_sample_01.png", datatype=xsd:string) ; manifest:hasDimensions [  =
= manifest:height Literal("850.0", datatype=xsd:float) ; manifest:unit Literal("pixels") ; manifest:width Literal("1095.0", datatype=xsd:float) ;    =
= rdf:type manifest:Dimensions, rdfs:Resource ] ; manifest:mimeType Literal("image/png", datatype=xsd:string) ; rdf:type manifest:FileMetadata,      =
= rdfs:Resource ]                                                                                                                                    =
=                                                                                                                                                    =
= Result Path: manifest:hasFileMetadata                                                                                                              =
=                                                                                                                                                    =
= Message: Value does not conform to Shape manifest:FileMetadataShape. See details for more information.                                             =
= Details:                                                                                                                                           =
=                                                                                                                                                    =
= Constraint Violation in PatternConstraintComponent (http://www.w3.org/ns/shacl#PatternConstraintComponent):                                        =
=                                                                                                                                                    =
= Severity: sh:Violation                                                                                                                             =
=                                                                                                                                                    =
= Source Shape: [ sh:datatype xsd:string ; sh:description Literal("Defines the IPFS CIDv1 identifier of the file.", lang=en) ; sh:maxCount           =
= Literal("1", datatype=xsd:integer) ; sh:message Literal("The CIDv1 identifier is not valid or is a CIDv0 identifier.", lang=en) ; sh:minCount      =
= Literal("0", datatype=xsd:integer) ; sh:name Literal("content identifier", lang=en) ; sh:order Literal("3", datatype=xsd:integer) ; sh:path        =
= manifest:cid ; sh:pattern Literal("^((?!Qm[1-9A-HJ-NP-Za-km-z]{44,})|b[A-Za-z2-7]{58,}|B[A-Z2-7]{58,}|z[1-9A-HJ-NP-Za-                             =
= km-z]{48,}|F[0-9A-F]{50,})$") ; skos:example Literal("bafkreic6xmosvgr4a5735itquknu2ljf4fon7wohrzlmabepwkkxtih6um") ]                              =
=                                                                                                                                                    =
= Focus Node: [ manifest:cid Literal("bafybeiakegwcrpeuylnurqns2pwim67tni6td4jdqoshwu7kvgvuncqi", datatype=xsd:string) ; manifest:filePath           =
= Literal("./visualization/TestfeldNiedersachsen_ALKS_ODR_sample_01.png", datatype=xsd:anyURI) ; manifest:fileSize Literal("2400256",                =
= datatype=xsd:integer) ; manifest:filename Literal("TestfeldNiedersachsen_ALKS_ODR_sample_01.png", datatype=xsd:string) ; manifest:hasDimensions [  =
= manifest:height Literal("850.0", datatype=xsd:float) ; manifest:unit Literal("pixels") ; manifest:width Literal("1095.0", datatype=xsd:float) ;    =
= rdf:type manifest:Dimensions, rdfs:Resource ] ; manifest:mimeType Literal("image/png", datatype=xsd:string) ; rdf:type manifest:FileMetadata,      =
= rdfs:Resource ]                                                                                                                                    =
=                                                                                                                                                    =
= Value Node: Literal("bafybeiakegwcrpeuylnurqns2pwim67tni6td4jdqoshwu7kvgvuncqi", datatype=xsd:string)                                              =
=                                                                                                                                                    =
= Result Path: manifest:cid                                                                                                                          =
=                                                                                                                                                    =
= Message: The CIDv1 identifier is not valid or is a CIDv0 identifier.                                                                               =
======================================================================================================================================================
